C51 COMPILER V9.00   LED_DRIVE                                                             12/06/2018 14:18:27 PAGE 1   


C51 COMPILER V9.00, COMPILATION OF MODULE LED_DRIVE
OBJECT MODULE PLACED IN ..\Object\LED_Drive.obj
COMPILER INVOKED BY: D:\ProgramFiles\Keil_v5\C51\BIN\C51.EXE ..\Hardware\LED\LED_Drive.c OPTIMIZE(8,SPEED) BROWSE INCDIR
                    -(..\User;..\Hardware;..\Hardware\BT;..\Hardware\KEY;..\Hardware\LED;..\Hardware\SystemSleep) DEBUG OBJECTEXTEND PRINT(.\
                    -Listings\LED_Drive.lst) OBJECT(..\Object\LED_Drive.obj)

line level    source

   1          /*************************************************************/
   2          /*头文件Header File*******************************************/
   3          /*************************************************************/
   4          #include "app_main.h"
   5          
   6          /*************************************************************/
   7          /*宏定义Macro Definition**************************************/
   8          /*************************************************************/
   9          
  10          /*************************************************************/
  11          /*类型定义Byte Definition**************************************/
  12          /*************************************************************/
  13          
  14          /*************************************************************/
  15          /*标志位定义Flags Definition***********************************/
  16          /*************************************************************/
  17          
  18          /*************************************************************/
  19          /*变量定义Variable Definition**********************************/
  20          /*************************************************************/
  21          uint8_t  idata mP2;
  22          uint8_t  idata mP3;
  23          uint8_t  idata ScanCom;
  24          uint8_t  idata PWMDuty;  //PWM周期
  25          uint8_t  idata PWMCycle; //PWM循环
  26          uint8_t  idata LED_Tmp1;
  27          uint8_t  idata LED_Tmp2;
  28          uint8_t  idata LED_Tmp3;
  29          uint8_t  idata LED_Tmp4;
  30          uint8_t  idata LED_Tmp5;
  31          uint8_t  idata LED_Tmp6;
  32          uint8_t  idata cnt200us;//用在定时器3中
  33          
  34          /*************************************************************/
  35          /*数组定义Array Definition************************************/
  36          /*************************************************************/
  37          uint8_t  led_Buffer[4];
  38          uint8_t  led_Buffer_Copy[4];
  39          
  40          /*************************************************************/
  41          /*函数声明Function Declaration*********************************/
  42          /*************************************************************/
  43          
  44          /*************************************************************/
  45          /*函数定义Function Definition**********************************/
  46          /*************************************************************/
  47          /*******************************************************************************
  48          * 函数原型：
  49          * 输入参数：
  50          * 输出参数：
  51          * 函数功能：
  52          * 返回值说明：
  53          * 创建日期：
C51 COMPILER V9.00   LED_DRIVE                                                             12/06/2018 14:18:27 PAGE 2   

  54          * 创建人：
  55          * 修改日期
  56          * 修改人：
  57          * 第N次修改：
  58          * 修改原因：
  59          * 备注：
  60          *******************************************************************************/
  61          void DigNum1(uint8_t dat)
  62          {
  63   1              dat = DisplayCode[dat];
  64   1              if(dat & (1 << S_B))
  65   1                      SET_1B();
  66   1              else 
  67   1                      CLR_1B();
  68   1              if(dat & (1 << S_C))
  69   1                      SET_1C();
  70   1              else 
  71   1                      CLR_1C();
  72   1      }
  73          
  74          /*******************************************************************************
  75          * 函数原型：
  76          * 输入参数：
  77          * 输出参数：
  78          * 函数功能：
  79          * 返回值说明：
  80          * 创建日期：
  81          * 创建人：
  82          * 修改日期
  83          * 修改人：
  84          * 第N次修改：
  85          * 修改原因：
  86          * 备注：
  87          *******************************************************************************/
  88          void DigNum2(uint8_t dat)
  89          {
  90   1              dat = DisplayCode[dat];
  91   1              if(dat & (1 << S_A))
  92   1                      SET_2A();
  93   1              else 
  94   1                      CLR_2A();
  95   1              if(dat & (1 << S_B))
  96   1                      SET_2B();
  97   1              else 
  98   1                      CLR_2B();
  99   1              if(dat & (1 << S_C))
 100   1                      SET_2C();
 101   1              else 
 102   1                      CLR_2C();
 103   1              if(dat & (1 << S_D))
 104   1                      SET_2D();
 105   1              else 
 106   1                      CLR_2D();
 107   1              if(dat & (1 << S_E))
 108   1                      SET_2E();
 109   1              else 
 110   1                      CLR_2E();
 111   1              if(dat & (1 << S_F))
 112   1                      SET_2F();
 113   1              else 
 114   1                      CLR_2F();
 115   1              if((dat & (1 << S_G)) || (dat & (1 << S__)))
C51 COMPILER V9.00   LED_DRIVE                                                             12/06/2018 14:18:27 PAGE 3   

 116   1                      SET_2G();
 117   1              else 
 118   1                      CLR_2G();
 119   1      }
 120          
 121          
 122          /*******************************************************************************
 123          * 函数原型：
 124          * 输入参数：
 125          * 输出参数：
 126          * 函数功能：
 127          * 返回值说明：
 128          * 创建日期：
 129          * 创建人：
 130          * 修改日期
 131          * 修改人：
 132          * 第N次修改：
 133          * 修改原因：
 134          * 备注：
 135          *******************************************************************************/
 136          void DigNum3(uint8_t dat)
 137          {
 138   1              dat = DisplayCode[dat];
 139   1              if(dat & (1 << S_A))
 140   1                      SET_3A();
 141   1              else 
 142   1                      CLR_3A();
 143   1              if(dat & (1 << S_B))
 144   1                      SET_3B();
 145   1              else 
 146   1                      CLR_3B();
 147   1              if(dat & (1 << S_C))
 148   1                      SET_3C();
 149   1              else 
 150   1                      CLR_3C();
 151   1              if(dat & (1 << S_D))
 152   1                      SET_3D();
 153   1              else 
 154   1                      CLR_3D();
 155   1              if(dat & (1 << S_E))
 156   1                      SET_3E();
 157   1              else 
 158   1                      CLR_3E();
 159   1              if(dat & (1 << S_F))
 160   1                      SET_3F();
 161   1              else 
 162   1                      CLR_3F();
 163   1              if(dat & (1 << S_G))
 164   1                      SET_3G();
 165   1              else 
 166   1                      CLR_3G();
 167   1      }
 168          
 169          /*******************************************************************************
 170          * 函数原型：
 171          * 输入参数：
 172          * 输出参数：
 173          * 函数功能：
 174          * 返回值说明：
 175          * 创建日期：
 176          * 创建人：
 177          * 修改日期
C51 COMPILER V9.00   LED_DRIVE                                                             12/06/2018 14:18:27 PAGE 4   

 178          * 修改人：
 179          * 第N次修改：
 180          * 修改原因：
 181          * 备注：
 182          *******************************************************************************/
 183          void DigNum4(uint8_t dat)
 184          {
 185   1              dat = DisplayCode[dat];
 186   1              if(dat & (1 << S_A))
 187   1                      SET_4A();
 188   1              else 
 189   1                      CLR_4A();
 190   1              if(dat & (1 << S_B))
 191   1                      SET_4B();
 192   1              else 
 193   1                      CLR_4B();
 194   1              if(dat & (1 << S_C))
 195   1                      SET_4C();
 196   1              else 
 197   1                      CLR_4C();
 198   1              if(dat & (1 << S_D))
 199   1                      SET_4D();
 200   1              else 
 201   1                      CLR_4D();
 202   1              if(dat & (1 << S_E))
 203   1                      SET_4E();
 204   1              else 
 205   1                      CLR_4E();
 206   1              if(dat & (1 << S_F))
 207   1                      SET_4F();
 208   1              else 
 209   1                      CLR_4F();
 210   1              if(dat & (1 << S_G))
 211   1                      SET_4G();
 212   1              else 
 213   1                      CLR_4G();
 214   1      }
 215          
 216          /*******************************************************************************
 217          * 函数原型：
 218          * 输入参数：
 219          * 输出参数：
 220          * 函数功能：
 221          * 返回值说明：
 222          * 创建日期：
 223          * 创建人：
 224          * 修改日期
 225          * 修改人：
 226          * 第N次修改：
 227          * 修改原因：
 228          * 备注：
 229          *******************************************************************************/
 230          void LEDDisplayDrive(void)
 231          {
 232   1              mP2=0x00;
 233   1              mP3=0xFF;
 234   1              
 235   1              if(++PWMCycle >= MAX_PWM) //PWM周期循环
 236   1              {
 237   2                      PWMCycle=0;
 238   2                      if(++ScanCom >= 4)
 239   2                              ScanCom=0;
C51 COMPILER V9.00   LED_DRIVE                                                             12/06/2018 14:18:27 PAGE 5   

 240   2                      
 241   2              }
 242   1              if(PWMCycle >= gbDimmer)//如果大于设定的亮度值，就全灭，这样形成循环就是PWM
 243   1              {
 244   2                      P2 = mP2 = 0x00;
 245   2                      P3 = mP3 = 0xFF;
 246   2              }
 247   1              else if (ScanCom == 0)
 248   1              {
 249   2                      COM4(LED_ON);
 250   2                      if(LED_Tmp4 & BIT0) //ALA
 251   2                              SEG1(LED_ON);
 252   2                      if(LED_Tmp4 & BIT1) //1B
 253   2                              SEG2(LED_ON);
 254   2                      if(LED_Tmp4 & BIT2) //1C
 255   2                              SEG3(LED_ON);
 256   2                      if(LED_Tmp4 & BIT3) //APM
 257   2                              SEG4(LED_ON);
 258   2                      if(LED_Tmp4 & BIT4) //CL1
 259   2                              SEG5(LED_ON);
 260   2                      if(LED_Tmp4 & BIT5) //CL
 261   2                              SEG6(LED_ON);
 262   2              }
 263   1              else if (ScanCom == 1)
 264   1              {
 265   2                      COM1(LED_ON);
 266   2                      if(LED_Tmp1 & BIT0) //2A
 267   2                              SEG1(LED_ON);
 268   2                      if(LED_Tmp1 & BIT1) //2B
 269   2                              SEG2(LED_ON);
 270   2                      if(LED_Tmp1 & BIT2) //2C
 271   2                              SEG3(LED_ON);
 272   2                      if(LED_Tmp1 & BIT3) //2D
 273   2                              SEG4(LED_ON);
 274   2                      if(LED_Tmp1 & BIT4) //2E
 275   2                              SEG5(LED_ON);
 276   2                      if(LED_Tmp1 & BIT5) //2F
 277   2                              SEG6(LED_ON);
 278   2                      if(LED_Tmp1 & BIT6) //2G
 279   2                              SEG7(LED_ON);
 280   2              }
 281   1              else if (ScanCom == 2)
 282   1              {
 283   2                      COM2(LED_ON);
 284   2                      if(LED_Tmp2 & BIT0) //3A
 285   2                              SEG1(LED_ON);
 286   2                      if(LED_Tmp2 & BIT1) //3B
 287   2                              SEG2(LED_ON);
 288   2                      if(LED_Tmp2 & BIT2) //3C
 289   2                              SEG3(LED_ON);
 290   2                      if(LED_Tmp2 & BIT3) //3D
 291   2                              SEG4(LED_ON);
 292   2                      if(LED_Tmp2 & BIT4) //3E
 293   2                              SEG5(LED_ON);
 294   2                      if(LED_Tmp2 & BIT5) //3F
 295   2                              SEG6(LED_ON);
 296   2                      if(LED_Tmp2 & BIT6) //3G
 297   2                              SEG7(LED_ON);
 298   2              }
 299   1              else if (ScanCom == 3)
 300   1              {
 301   2                      COM3(LED_ON);
C51 COMPILER V9.00   LED_DRIVE                                                             12/06/2018 14:18:27 PAGE 6   

 302   2                      if(LED_Tmp3 & BIT0) //4A
 303   2                              SEG1(LED_ON);
 304   2                      if(LED_Tmp3 & BIT1) //4B
 305   2                              SEG2(LED_ON);
 306   2                      if(LED_Tmp3 & BIT2) //4C
 307   2                              SEG3(LED_ON);
 308   2                      if(LED_Tmp3 & BIT3) //4D
 309   2                              SEG4(LED_ON);
 310   2                      if(LED_Tmp3 & BIT4) //4E
 311   2                              SEG5(LED_ON);
 312   2                      if(LED_Tmp3 & BIT5) //4F
 313   2                              SEG6(LED_ON);
 314   2                      if(LED_Tmp3 & BIT6) //4G
 315   2                              SEG7(LED_ON);
 316   2              }
 317   1              P2 = mP2; //这里统一赋值，消除时间差
 318   1              P3 = mP3; 
 319   1      //      P2 = 0;
 320   1      //      P3 = 0xFF;
 321   1      //      P2 = 0x10;
 322   1      //      P3 = 0x00;
 323   1      //      P3 = 0xFF;
 324   1      }
 325          
 326          /*******************************************************************************
 327          * 函数原型：
 328          * 输入参数：
 329          * 输出参数：
 330          * 函数功能：
 331          * 返回值说明：
 332          * 创建日期：
 333          * 创建人：
 334          * 修改日期
 335          * 修改人：
 336          * 第N次修改：
 337          * 修改原因：
 338          * 备注：
 339          *******************************************************************************/
 340          void Display_LED(void)
 341          {
 342   1              
 343   1      }
 344          
 345          
 346          
 347          
 348          
 349          
 350          
 351          
 352          


MODULE INFORMATION:   STATIC OVERLAYABLE
   CODE SIZE        =    820    ----
   CONSTANT SIZE    =   ----    ----
   XDATA SIZE       =   ----    ----
   PDATA SIZE       =   ----    ----
   DATA SIZE        =      8    ----
   IDATA SIZE       =     12    ----
   BIT SIZE         =   ----    ----
END OF MODULE INFORMATION.

C51 COMPILER V9.00   LED_DRIVE                                                             12/06/2018 14:18:27 PAGE 7   


C51 COMPILATION COMPLETE.  0 WARNING(S),  0 ERROR(S)
