C51 COMPILER V9.00   LED_MODE                                                              12/04/2018 17:33:14 PAGE 1   


C51 COMPILER V9.00, COMPILATION OF MODULE LED_MODE
OBJECT MODULE PLACED IN ..\Object\LED_Mode.obj
COMPILER INVOKED BY: D:\ProgramFiles\Keil_v5\C51\BIN\C51.EXE ..\Hardware\LED\LED_Mode.c OPTIMIZE(8,SPEED) BROWSE INCDIR(
                    -..\User;..\Hardware;..\Hardware\BT;..\Hardware\KEY;..\Hardware\LED) DEBUG OBJECTEXTEND PRINT(.\Listings\LED_Mode.lst) OB
                    -JECT(..\Object\LED_Mode.obj)

line level    source

   1          /*************************************************************/
   2          /*头文件Header File*******************************************/
   3          /*************************************************************/
   4          #include "app_main.h"
   5          
   6          /*************************************************************/
   7          /*宏定义Macro Definition**************************************/
   8          /*************************************************************/
   9          uint8_t displayBuff[5];
  10          #define DIG_NUM1 displayBuff[0]
  11          #define DIG_NUM2 displayBuff[1]
  12          #define DIG_NUM3 displayBuff[2]
  13          #define DIG_NUM4 displayBuff[3]
  14          #define DIG_NUM5 displayBuff[4]
  15          
  16          /*************************************************************/
  17          /*类型定义Byte Definition**************************************/
  18          /*************************************************************/
  19          LED_BRIGHTNESS_E_TypeDef LED_Brightness_TD;//TD:TypeDef
  20          /*************************************************************/
  21          /*标志位定义Flags Definition***********************************/
  22          /*************************************************************/
  23          BOOL    gbUser_AdjClk;
  24          
  25          uint8_t bdata LCD_BitRam0;
  26          uint8_t bdata LCD_BitRam1;
  27          sbit gbLCD_Beep1    = LCD_BitRam0^0;
  28          sbit gbLCD_Dot      = LCD_BitRam0^1;
  29          sbit gbLCD_AM       = LCD_BitRam0^2;
  30          sbit gbLCD_PM       = LCD_BitRam0^3;
  31          sbit gbLCD_BT_LED   = LCD_BitRam0^4;
  32          sbit gbLCD_AL_LED   = LCD_BitRam0^5;
  33          
  34          uint8_t  Flag_DisplayStatus;//显示状态，显示某个状态时会被赋值
  35          
  36          /*************************************************************/
  37          /*变量定义Variable Definition**********************************/
  38          /*************************************************************/
  39          uint16_t cntDisplayStatus;
  40          uint8_t  idata LED_Reg1;
  41          uint8_t  idata LED_Reg2;
  42          uint8_t  idata LED_Reg3;
  43          uint8_t  idata LED_Reg4;
  44          uint8_t  idata LED_Reg5;
  45          uint8_t  idata LED_Reg6;
  46          uint8_t  idata Disp_cnt;
  47          
  48          /*************************************************************/
  49          /*数组定义Array Definition************************************/
  50          /*************************************************************/
  51          code uint8_t DisplayCode[]=
  52          {
  53                  DIG_0,            
C51 COMPILER V9.00   LED_MODE                                                              12/04/2018 17:33:14 PAGE 2   

  54                  DIG_1,           
  55                  DIG_2,           
  56                  DIG_3,           
  57                  DIG_4,          
  58                  DIG_5,           
  59                  DIG_6,           
  60                  DIG_7,           
  61                  DIG_8,           
  62                  DIG_9,           
  63                  DIG_NONE,             
  64                  CH_a,            
  65                  CH_b,           
  66                  CH_c,            
  67                  CH_d,            
  68                  CH_h,            
  69                  CH_l,            
  70                  CH_n,            
  71                  CH_o,           
  72                  CH_r,           
  73                  CH_t,            
  74                  CH_u,             
  75                  CH_y,             
  76                  CH_A,            
  77                  CH_C,           
  78                  CH_E,            
  79                  CH_F,            
  80                  CH_G,            
  81                  CH_H,            
  82                  CH_I,             
  83                  CH_J,            
  84                  CH_L,           
  85                  CH_N,            
  86                  CH_O,            
  87                  CH_P,            
  88                  CH_S,            
  89                  CH_U,             
  90                  CH__
  91          };
  92          /*************************************************************/
  93          /*函数声明Function Declaration*********************************/
  94          /*************************************************************/
  95          
  96          /*************************************************************/
  97          /*函数定义Function Definition**********************************/
  98          /*************************************************************/
  99          /*******************************************************************************
 100          * 函数原型：
 101          * 输入参数：
 102          * 输出参数：
 103          * 函数功能：清除显示缓存
 104          * 返回值说明：
 105          * 创建日期：
 106          * 创建人：
 107          * 修改日期
 108          * 修改人：
 109          * 第N次修改：
 110          * 修改原因：
 111          * 备注：
 112          *******************************************************************************/
 113          void ClearDisplayBuff(void)
 114          {
 115   1              uint8_t i;
C51 COMPILER V9.00   LED_MODE                                                              12/04/2018 17:33:14 PAGE 3   

 116   1              for(i=0;i<5;i++)
 117   1                      displayBuff[i]=eD_NONE;
 118   1              LCD_BitRam0=0;
 119   1              LCD_BitRam1=0;
 120   1      }
 121          
 122          /*******************************************************************************
 123          * 函数原型：
 124          * 输入参数：
 125          * 输出参数：
 126          * 函数功能：把数值转化为显示格式
 127          * 返回值说明：
 128          * 创建日期：
 129          * 创建人：
 130          * 修改日期
 131          * 修改人：
 132          * 第N次修改：
 133          * 修改原因：
 134          * 备注：
 135          *******************************************************************************/
 136          void DisplayNum12(uint8_t dat)
 137          {
 138   1              if(dat / 10)
 139   1                      DigNum1((dat/10));
 140   1              DigNum2((dat%10));
 141   1      }
 142          
 143          /*******************************************************************************
 144          * 函数原型：
 145          * 输入参数：
 146          * 输出参数：
 147          * 函数功能：把数值转化为显示格式
 148          * 返回值说明：
 149          * 创建日期：
 150          * 创建人：
 151          * 修改日期
 152          * 修改人：
 153          * 第N次修改：
 154          * 修改原因：
 155          * 备注：
 156          *******************************************************************************/
 157          void DisplayNum34(uint8_t dat)
 158          {
 159   1              DigNum3((dat/10));
 160   1              DigNum4((dat%10));
 161   1      }
 162          
 163          /*******************************************************************************
 164          * 函数原型：
 165          * 输入参数：
 166          * 输出参数：
 167          * 函数功能：显示OFF
 168          * 返回值说明：
 169          * 创建日期：
 170          * 创建人：
 171          * 修改日期
 172          * 修改人：
 173          * 第N次修改：
 174          * 修改原因：
 175          * 备注：
 176          *******************************************************************************/
 177          void Display_Off(void)
C51 COMPILER V9.00   LED_MODE                                                              12/04/2018 17:33:14 PAGE 4   

 178          {
 179   1              DIG_NUM1=eD_NONE;
 180   1              DIG_NUM2=eD_O;
 181   1              DIG_NUM3=eD_F;
 182   1              DIG_NUM4=eD_F;
 183   1      }
 184          
 185          /*******************************************************************************
 186          * 函数原型：
 187          * 输入参数：
 188          * 输出参数：
 189          * 函数功能：时间分割
 190          * 返回值说明：
 191          * 创建日期：
 192          * 创建人：
 193          * 修改日期
 194          * 修改人：
 195          * 第N次修改：
 196          * 修改原因：
 197          * 备注：
 198          *******************************************************************************/
 199          void Display_HH_MM(uint8_t hhmmType)
 200          {
 201   1              uint8_t tmpHour,tmpMinute;
 202   1              switch(hhmmType)
 203   1              {
 204   2                      case eDS_RTC:   //显示RTC
 205   2                              tmpHour = gRTC_Hour;
 206   2                              tmpMinute = gRTC_Minute;
 207   2                              break;
 208   2                      case ADJ_CLK:   //设置RTC
 209   2                              tmpHour = gRTC_Hour;
 210   2                              tmpMinute = gRTC_Minute;
 211   2                              break;
 212   2                      case eDS_AL1:   //显示闹钟时间
 213   2                              tmpHour = gRTC_Hour;
 214   2                              tmpMinute = gRTC_Minute;
 215   2                              break;
 216   2                      case ADJ_ALARM1://设置时显示闹钟时间
 217   2                              tmpHour = gRTC_Hour;
 218   2                              tmpMinute = gRTC_Minute;
 219   2                              break;
 220   2              }
 221   1              if(Flag_12HourDisplay)
 222   1              {
 223   2                      if(tmpHour<12)
 224   2                      { 
 225   3                              gbLCD_AM=1;
 226   3                      }
 227   2                      else
 228   2                      { 
 229   3                              gbLCD_PM=1;
 230   3                              tmpHour-=12;
 231   3                      }
 232   2                      if(tmpHour==0)
 233   2                              tmpHour=12;           
 234   2              }
 235   1              DisplayNum12(tmpHour);
 236   1              DisplayNum34(tmpMinute);
 237   1      }
 238          
 239          /*******************************************************************************
C51 COMPILER V9.00   LED_MODE                                                              12/04/2018 17:33:14 PAGE 5   

 240          * 函数原型：
 241          * 输入参数：
 242          * 输出参数：
 243          * 函数功能：不闪
 244          * 返回值说明：
 245          * 创建日期：
 246          * 创建人：
 247          * 修改日期
 248          * 修改人：
 249          * 第N次修改：
 250          * 修改原因：
 251          * 备注：
 252          *******************************************************************************/
 253          BOOL NoFlash(void)
 254          {
 255   1              if(cntNoFlash != 0)
 256   1                      return 1;
 257   1              return 0;
 258   1      }
 259          
 260          /*******************************************************************************
 261          * 函数原型：
 262          * 输入参数：
 263          * 输出参数：
 264          * 函数功能：RTC显示
 265          * 返回值说明：
 266          * 创建日期：
 267          * 创建人：
 268          * 修改日期
 269          * 修改人：
 270          * 第N次修改：
 271          * 修改原因：
 272          * 备注：
 273          *******************************************************************************/
 274          void Display_RTC(void)
 275          {
 276   1              if((!gbUser_AdjClk)||(gRTC_HalfSecond))
 277   1              {
 278   2                      Display_HH_MM(eDS_RTC);
 279   2              }
 280   1      }
 281          
 282          /*******************************************************************************
 283          * 函数原型：
 284          * 输入参数：
 285          * 输出参数：
 286          * 函数功能：设置RTC时LED的显示
 287          * 返回值说明：
 288          * 创建日期：
 289          * 创建人：
 290          * 修改日期
 291          * 修改人：
 292          * 第N次修改：
 293          * 修改原因：
 294          * 备注：
 295          *******************************************************************************/
 296          void Display_SetRTC(void)
 297          {
 298   1              if((Flag_0_5s)||(NoFlash()))
 299   1              {
 300   2                      Display_HH_MM(eDS_RTC);
 301   2              }
C51 COMPILER V9.00   LED_MODE                                                              12/04/2018 17:33:14 PAGE 6   

 302   1      }
 303          
 304          
 305          /*******************************************************************************
 306          * 函数原型：
 307          * 输入参数：
 308          * 输出参数：
 309          * 函数功能：设置RTC时LED的年份显示
 310          * 返回值说明：
 311          * 创建日期：
 312          * 创建人：
 313          * 修改日期
 314          * 修改人：
 315          * 第N次修改：
 316          * 修改原因：
 317          * 备注：
 318          *******************************************************************************/
 319          uint8_t cntYearDisplay=0;
 320          void Display_SetRTCYear(void)
 321          {
 322   1              if((Flag_0_5s)||(NoFlash()))
 323   1              {
 324   2                      //0.5进来一次，20和18交替显示
 325   2                      if(cntYearDisplay==0)
 326   2                      {
 327   3                              cntYearDisplay=1;
 328   3                              //DisplayNum12(20);
 329   3                              SET_4G();//显示一个"-"
 330   3                              DisplayNum34(20);
 331   3                      }
 332   2                      else
 333   2                      {
 334   3                              cntYearDisplay=0;
 335   3                              SET_4G();//显示一个"-"
 336   3                              DisplayNum34(gRTC_Year);
 337   3                      }
 338   2                      
 339   2              }
 340   1      }
 341          
 342          /*******************************************************************************
 343          * 函数原型：
 344          * 输入参数：
 345          * 输出参数：
 346          * 函数功能：设置RTC时LED的月的LED显示
 347          * 返回值说明：
 348          * 创建日期：
 349          * 创建人：
 350          * 修改日期
 351          * 修改人：
 352          * 第N次修改：
 353          * 修改原因：
 354          * 备注：
 355          *******************************************************************************/
 356          void Display_SetRTCDate(void)
 357          {
 358   1              if((Flag_0_5s)||(NoFlash()))
 359   1              {
 360   2                      DisplayNum12(gRTC_Month);//不显示
 361   2                      DisplayNum34(gRTC_Day);
 362   2              }
 363   1      }
C51 COMPILER V9.00   LED_MODE                                                              12/04/2018 17:33:14 PAGE 7   

 364          
 365          /*******************************************************************************
 366          * 函数原型：
 367          * 输入参数：
 368          * 输出参数：
 369          * 函数功能：设置RTC时LED的日的LED显示
 370          * 返回值说明：
 371          * 创建日期：
 372          * 创建人：
 373          * 修改日期
 374          * 修改人：
 375          * 第N次修改：
 376          * 修改原因：
 377          * 备注：
 378          *******************************************************************************/
 379          //这里暂时不用
 380          void Display_SetRTCDay(void)
 381          {
 382   1              if((Flag_0_5s)||(NoFlash()))
 383   1              {
 384   2                      DisplayNum34(gRTC_Day);
 385   2              }
 386   1      }
 387          
 388          
 389          /*******************************************************************************
 390          * 函数原型：
 391          * 输入参数：
 392          * 输出参数：
 393          * 函数功能：设置RTC时LED的小时的LED显示
 394          * 返回值说明：
 395          * 创建日期：
 396          * 创建人：
 397          * 修改日期
 398          * 修改人：
 399          * 第N次修改：
 400          * 修改原因：
 401          * 备注：
 402          *******************************************************************************/
 403          void Display_SetRTCHour(void)
 404          {
 405   1              if((Flag_0_5s)||(NoFlash()))
 406   1              {
 407   2                      DisplayNum12(ADJ_CLK);
 408   2              }
 409   1      }
 410          
 411          /*******************************************************************************
 412          * 函数原型：
 413          * 输入参数：
 414          * 输出参数：
 415          * 函数功能：设置RTC时LED的分钟的LED显示
 416          * 返回值说明：
 417          * 创建日期：
 418          * 创建人：
 419          * 修改日期
 420          * 修改人：
 421          * 第N次修改：
 422          * 修改原因：
 423          * 备注：
 424          *******************************************************************************/
 425          void Display_SetRTCMinute(void)
C51 COMPILER V9.00   LED_MODE                                                              12/04/2018 17:33:14 PAGE 8   

 426          {
 427   1              if((Flag_0_5s)||(NoFlash()))
 428   1              {
 429   2                      DisplayNum34(ADJ_CLK);
 430   2              }
 431   1      }
 432          
 433          /*******************************************************************************
 434          * 函数原型：
 435          * 输入参数：
 436          * 输出参数：
 437          * 函数功能：夏令时区选择
 438          * 返回值说明：
 439          * 创建日期：
 440          * 创建人：
 441          * 修改日期
 442          * 修改人：
 443          * 第N次修改：
 444          * 修改原因：
 445          * 备注：
 446          *******************************************************************************/
 447          void Display_SetZone(void)
 448          {
 449   1              if((Flag_0_5s)||(NoFlash()))
 450   1              {
 451   2                      DisplayNum34(gRTC_Zone);
 452   2              }
 453   1      }
 454          
 455          /*******************************************************************************
 456          * 函数原型：
 457          * 输入参数：
 458          * 输出参数：
 459          * 函数功能：贪睡时间
 460          * 返回值说明：
 461          * 创建日期：
 462          * 创建人：
 463          * 修改日期
 464          * 修改人：
 465          * 第N次修改：
 466          * 修改原因：
 467          * 备注：
 468          *******************************************************************************/
 469          void Display_SnoozeTime(void)
 470          {
 471   1              if((Flag_0_5s)||(NoFlash()))
 472   1              {
 473   2                      DisplayNum34(gRTC_Day);
 474   2              }
 475   1      }
 476          
 477          /*******************************************************************************
 478          * 函数原型：
 479          * 输入参数：
 480          * 输出参数：
 481          * 函数功能：闹钟非设置时的显示
 482          * 返回值说明：
 483          * 创建日期：
 484          * 创建人：
 485          * 修改日期
 486          * 修改人：
 487          * 第N次修改：
C51 COMPILER V9.00   LED_MODE                                                              12/04/2018 17:33:14 PAGE 9   

 488          * 修改原因：
 489          * 备注：
 490          *******************************************************************************/
 491          void Display_Alarm1(void)
 492          {
 493   1              
 494   1      }
 495          
 496          /*******************************************************************************
 497          * 函数原型：
 498          * 输入参数：
 499          * 输出参数：
 500          * 函数功能：闹钟设置时的显示
 501          * 返回值说明：
 502          * 创建日期：
 503          * 创建人：
 504          * 修改日期
 505          * 修改人：
 506          * 第N次修改：
 507          * 修改原因：
 508          * 备注：
 509          *******************************************************************************/
 510          void Display_SetAlarm1(void)
 511          {
 512   1              
 513   1      }
 514          
 515          /*******************************************************************************
 516          * 函数原型：
 517          * 输入参数：
 518          * 输出参数：
 519          * 函数功能：设置闹钟小时的显示
 520          * 返回值说明：
 521          * 创建日期：
 522          * 创建人：
 523          * 修改日期
 524          * 修改人：
 525          * 第N次修改：
 526          * 修改原因：
 527          * 备注：
 528          *******************************************************************************/
 529          void Display_SetAlarm1_Hour(void)
 530          {
 531   1              
 532   1      }
 533          
 534          /*******************************************************************************
 535          * 函数原型：
 536          * 输入参数：
 537          * 输出参数：
 538          * 函数功能：设置闹钟分钟的显示
 539          * 返回值说明：
 540          * 创建日期：
 541          * 创建人：
 542          * 修改日期
 543          * 修改人：
 544          * 第N次修改：
 545          * 修改原因：
 546          * 备注：
 547          *******************************************************************************/
 548          void Display_SetAlarm1_Min(void)
 549          {
C51 COMPILER V9.00   LED_MODE                                                              12/04/2018 17:33:14 PAGE 10  

 550   1              
 551   1      }
 552          
 553          /*******************************************************************************
 554          * 函数原型：
 555          * 输入参数：
 556          * 输出参数：
 557          * 函数功能：设置闹钟工作模式的显示
 558          * 返回值说明：
 559          * 创建日期：
 560          * 创建人：
 561          * 修改日期
 562          * 修改人：
 563          * 第N次修改：
 564          * 修改原因：
 565          * 备注：
 566          *******************************************************************************/
 567          void Display_SetAlarm1_Work(void)
 568          {
 569   1              
 570   1      }
 571          
 572          /*******************************************************************************
 573          * 函数原型：
 574          * 输入参数：
 575          * 输出参数：
 576          * 函数功能：在某个状态时显示10秒，比如设置RTC或者闹钟时闪烁或者显示长度
 577          * 返回值说明：
 578          * 创建日期：
 579          * 创建人：
 580          * 修改日期
 581          * 修改人：
 582          * 第N次修改：
 583          * 修改原因：
 584          * 备注：
 585          *******************************************************************************/
 586          void SetDisplayState10s(uint8_t status)
 587          {
 588   1              Flag_DisplayStatus=status;//把要显示的状态赋值给全局变量
 589   1              cntDisplayStatus=cDISP_DELAY_10SEC;
 590   1      }
 591          
 592          /*******************************************************************************
 593          * 函数原型：
 594          * 输入参数：
 595          * 输出参数：
 596          * 函数功能：在某个状态时显示2秒，比如设置RTC或者闹钟时闪烁或者显示长度
 597          * 返回值说明：
 598          * 创建日期：
 599          * 创建人：
 600          * 修改日期
 601          * 修改人：
 602          * 第N次修改：
 603          * 修改原因：
 604          * 备注：
 605          *******************************************************************************/
 606          void SetDisplayState2s(uint8_t status)
 607          {
 608   1              Flag_DisplayStatus=status;//把要显示的状态赋值给全局变量
 609   1              cntNoFlash=cntDisplayStatus=cDISP_DELAY_15SEC;
 610   1      }
 611          
C51 COMPILER V9.00   LED_MODE                                                              12/04/2018 17:33:14 PAGE 11  

 612          /*******************************************************************************
 613          * 函数原型：
 614          * 输入参数：
 615          * 输出参数：
 616          * 函数功能：更新要显示的内容
 617          * 返回值说明：
 618          * 创建日期：
 619          * 创建人：
 620          * 修改日期
 621          * 修改人：
 622          * 第N次修改：
 623          * 修改原因：
 624          * 备注：
 625          *******************************************************************************/
 626          void UpdateDisplay(void)
 627          {
 628   1              switch (Flag_DisplayStatus)
 629   1              {
 630   2                      case ADJ_CLK:
 631   2                              Display_SetRTC();                //设置RTC时的显示
 632   2                              break;
 633   2                      case ADJ_YEAR:                           //设置RTC的年
 634   2                              Display_SetRTCYear();
 635   2                              break;
 636   2                      case ADJ_MONTH:                          //设置RTC的日期
 637   2                      case ADJ_DAY:                            //设置RTC的日期
 638   2                              Display_SetRTCDate();
 639   2                              break;
 640   2                      case ADJ_HOUR:                           //设置RTC小时的显示
 641   2                              Display_SetRTCHour();
 642   2                              break;
 643   2                      case ADJ_MINUTE:                         //设置RTC分钟的显示
 644   2                              Display_SetRTCMinute();
 645   2                              break;
 646   2                      case ADJ_DAYLIGHT_SAVING_ZONES://设置夏令时区
 647   2                              Display_SetZone();
 648   2                              break; 
 649   2                      case ADJ_SNOOZE_TIME:            //设置贪睡时间
 650   2                              Display_SnoozeTime();
 651   2                              break; 
 652   2                      case DISP_AL1:                           //闹钟非设置时的显示
 653   2                              Display_Alarm1();   
 654   2                              break;
 655   2                      case ADJ_ALARM1:                         //设置闹钟的显示
 656   2                              Display_SetAlarm1();     
 657   2                              break;
 658   2                      case ADJ_ALARM1_HOUR:            //设置闹钟小时的显示
 659   2                              Display_SetAlarm1_Hour();
 660   2                              break; 
 661   2                      case ADJ_ALARM1_MIN:             //设置闹钟分钟的显示
 662   2                              Display_SetAlarm1_Min(); 
 663   2                              break; 
 664   2                      case POWER_OFF_DISP:             //关闭显示
 665   2                              Display_Off();
 666   2                              break; 
 667   2                      default:
 668   2                              Display_RTC();                   //RTC走时状态显示
 669   2                              break;
 670   2              }
 671   1              if (cntNoFlash != 0)
 672   1                      cntNoFlash--;
 673   1      }
C51 COMPILER V9.00   LED_MODE                                                              12/04/2018 17:33:14 PAGE 12  

 674          
 675          /*******************************************************************************
 676          * 函数原型：
 677          * 输入参数：
 678          * 输出参数：
 679          * 函数功能：需要亮的一些标记，比如点，或者闹钟标志
 680          * 返回值说明：
 681          * 创建日期：
 682          * 创建人：
 683          * 修改日期
 684          * 修改人：
 685          * 第N次修改：
 686          * 修改原因：
 687          * 备注：
 688          *******************************************************************************/
 689          void Display_Flag(void)
 690          {
 691   1              
 692   1      }
 693          
 694          /*******************************************************************************
 695          * 函数原型：
 696          * 输入参数：
 697          * 输出参数：
 698          * 函数功能：更新要显示的内容
 699          * 返回值说明：
 700          * 创建日期：
 701          * 创建人：
 702          * 修改日期
 703          * 修改人：
 704          * 第N次修改：
 705          * 修改原因：
 706          * 备注：
 707          *******************************************************************************/
 708          void Display(void)
 709          {
 710   1              //uint8_t i;
 711   1              //if(cntDisplayStatus)
 712   1              //{
 713   1                      ClearDisplayBuff();
 714   1                      UpdateDisplay();
 715   1                      Display_Flag();
 716   1                      Display_LED();
 717   1                      cli();
 718   1                      LED_Tmp1 = LED_Reg1;
 719   1                      LED_Tmp2 = LED_Reg2;
 720   1                      LED_Tmp3 = LED_Reg3;
 721   1                      LED_Tmp4 = LED_Reg4;
 722   1                      sei();
 723   1              //}
 724   1      }
 725          
 726          
 727          
 728          
 729          
 730          


MODULE INFORMATION:   STATIC OVERLAYABLE
   CODE SIZE        =    501    ----
   CONSTANT SIZE    =     38    ----
C51 COMPILER V9.00   LED_MODE                                                              12/04/2018 17:33:14 PAGE 13  

   XDATA SIZE       =   ----    ----
   PDATA SIZE       =   ----    ----
   DATA SIZE        =     12       4
   IDATA SIZE       =      7    ----
   BIT SIZE         =      1    ----
END OF MODULE INFORMATION.


C51 COMPILATION COMPLETE.  0 WARNING(S),  0 ERROR(S)
